(21:53:23) INFO: Current date is 2026-08-12
(21:53:23) Computing main repo mapping: 
(21:53:23) Loading: 
(21:53:23) Loading: 0 packages loaded
(21:53:23) Analyzing: target //projects/vivarium:_bilipid_run (1 packages loaded, 0 targets configured)
(21:53:23) Analyzing: target //projects/vivarium:_bilipid_run (1 packages loaded, 0 targets configured)

(21:53:23) INFO: Analyzed target //projects/vivarium:_bilipid_run (1 packages loaded, 86 targets configured).
(21:53:23) INFO: Found 1 target...
Target //projects/vivarium:_bilipid_run up-to-date:
  bazel-bin/projects/vivarium/_bilipid_run
(21:53:23) INFO: Elapsed time: 0.176s, Critical Path: 0.07s
(21:53:23) INFO: 5 processes: 5 internal.
(21:53:23) INFO: Build completed successfully, 5 total actions
(21:53:23) INFO: Running command line: bazel-bin/projects/vivarium/_bilipid_run 300 25 3000000 0.1 bilipid_m4
TWO-SPECIES amphiphile: N=300 molecules (600 beads) L=25.0 beta=0.1 contact=30 eps  (sheet needs 417, tube needs 367)
     step     E/mol      T  clus  largest      R  shellCV  hollow    e2    e3  headOut   shape
        0     0.485  0.169   237        6   0.00    0.000   0.000  0.00  0.00      nan   dispersed
   250000    -1.089  0.171   104       32   2.34    0.313   0.094  0.86  0.04     0.62   flat sheet/disc
   500000    -1.465  0.173    65       80   3.26    0.179   0.000  0.87  0.33     0.45   flat sheet/disc
   750000    -1.643  0.181    48       84   2.81    0.052   0.000  0.89  0.81     0.51   VESICLE (hollow sphere)
  1000000    -1.810  0.175    28       85   3.66    0.274   0.035  0.62  0.17     0.54   flat sheet/disc
  1250000    -1.877  0.168    28       86   2.87    0.051   0.000  0.90  0.85     0.45   VESICLE (hollow sphere)
  1500000    -1.916  0.177    26       86   2.89    0.050   0.000  0.93  0.82     0.59   VESICLE (hollow sphere)
  1750000    -1.935  0.166    25       86   2.86    0.049   0.000  0.92  0.86     0.50   VESICLE (hollow sphere)
  2000000    -1.887  0.175    31       86   2.87    0.063   0.000  0.91  0.73     0.53   VESICLE (hollow sphere)
  2250000    -1.849  0.168    37       86   2.86    0.047   0.000  0.92  0.79     0.47   VESICLE (hollow sphere)
