MIXTURE 2-D: 0 short (2 tails) + 160 long (4 tails) + 2159 water, L=65.0, packing fraction 0.55, kT=0.45, start=random
enrichment = (short fraction of OUTER leaflet) - (short fraction of INNER leaflet); 0 = no partitioning
    step    E/lip  largest  R_mid  shellCV  hollow    mix    seg  burial   core  lumen_c  nenc  perc  lumen  lumenW  shortOUT  shortIN   enrichment  nves  lumH2O
       0    10.34       10   3.21    0.416   1.895  1.032  0.006   1.500  1.063        0     0     n   0.00       0      1.00     1.00   +0.000     0     nan
   20000    -5.94       23   5.30    0.424   1.689  0.844  0.329   2.826  1.440        0     0     n   1.47       4      1.00     1.00   +0.000     0     nan
   40000    -6.10       42   7.77    0.344   0.796  0.818  0.350   3.006  1.441        0     0     n   0.83      19      1.00     1.00   +0.000     0     nan
   60000    -6.39       42   7.91    0.399   1.202  0.823  0.141   3.310  1.433        0     0     n   0.93      23      1.00     1.00   +0.000     0     nan
   80000    -6.48       42   7.91    0.403   1.476  0.823  0.384   3.607  1.426        0     0     n   0.82      20      1.00     1.00   +0.000     0     nan
  100000    -6.33       42   7.79    0.381   1.149  0.811  0.252   3.375  1.434        0     0     n   1.00      23      1.00     1.00   +0.000     0     nan
  120000    -6.47       56  11.95      nan     nan    nan    nan   3.911  1.407        0     0     n    nan       0      1.00     1.00   +0.000     0     nan
  140000    -6.66       51  12.22      nan     nan    nan    nan   3.863  1.397        0     0     n    nan       0      1.00     1.00   +0.000     0     nan
  160000    -6.65       51  11.39      nan     nan    nan    nan   3.917  1.415        0     0     n    nan       0      1.00     1.00   +0.000     0     nan
  180000    -6.50       44   8.26    0.393   1.238  0.795  0.162   3.477  1.434        0     0     n   0.93      27      1.00     1.00   +0.000     0     nan
  200000    -6.65       51  11.61    0.423   1.878  0.848  0.024   3.863  1.405        0     0     n   0.75      70      1.00     1.00   +0.000     0     nan
  220000    -6.57       60  11.41    0.404   1.661  0.830  0.104   4.138  1.414        0     0     n   0.96      85      1.00     1.00   +0.000     0     nan
  240000    -6.59       60  11.28    0.415   1.870  0.842  0.079   3.692  1.404        0     0     n   0.71      60      1.00     1.00   +0.000     0     nan
  260000    -6.74       60  11.48    0.368   1.383  0.861  0.439   4.233  1.419        0     0     n   0.92      83      1.00     1.00   +0.000     0     nan
  280000    -6.47       60  11.35    0.374   1.540  0.850  0.437   3.496  1.402        0     0     n   0.83      72      1.00     1.00   +0.000     0     nan
  300000    -6.46       60  10.76    0.351   1.084  0.856  0.169   3.592  1.420        0     0     n   0.86      63      1.00     1.00   +0.000     0     nan
  320000    -6.58       60  10.79    0.360   1.268  0.864  0.253   3.533  1.419        0     0     n   0.81      60      1.00     1.00   +0.000     0     nan
  340000    -6.74       60  10.85    0.370   1.383  0.847  0.285   3.738  1.411        0     0     n   0.85      64      1.00     1.00   +0.000     0     nan
  360000    -6.74       60  10.82    0.377   1.421  0.800  0.275   3.483  1.427        0     0     n   0.91      68      1.00     1.00   +0.000     0     nan
  380000    -6.60       60  11.00    0.371   1.383  0.823  0.201   3.642  1.425        0     0     n   0.69      54      1.00     1.00   +0.000     0     nan
  400000    -6.87       60  10.78      nan     nan    nan    nan   4.108  1.403        0     0     n    nan       0      1.00     1.00   +0.000     0     nan
  420000    -6.55       60  10.72    0.420   1.702  0.851  0.224   3.742  1.396        0     0     n   0.83      60      1.00     1.00   +0.000     0     nan
  440000    -6.38       60  10.63    0.406   1.661  0.865  0.331   3.533  1.379        0     0     n   0.75      53      1.00     1.00   +0.000     0     nan
  460000    -6.69       60  10.67    0.437   1.744  0.874  0.238   3.329  1.400        0     0     n   0.80      57      1.00     1.00   +0.000     0     nan
  480000    -6.78       60  10.89    0.412   1.702  0.843  0.128   3.317  1.401        0     0     n   0.79      60      1.00     1.00   +0.000     0     nan
  500000    -6.91       60  11.54    0.385   1.661  0.833  0.197   4.104  1.407        0     0     n   0.80      73      1.00     1.00   +0.000     0     nan
  520000    -6.88       60  11.09    0.385   1.500  0.837  0.162   3.992  1.417        0     0     n   0.92      74      1.00     1.00   +0.000     0     nan
  540000    -6.65       60  11.10    0.373   1.231  0.818  0.071   3.683  1.426        0     0     n   0.85      69      1.00     1.00   +0.000     0     nan
  560000    -6.86       61  10.31      nan     nan    nan    nan   3.443  1.432        0     0     n    nan       0      1.00     1.00   +0.000     0     nan
  580000    -6.89       61   9.83      nan     nan    nan    nan   3.336  1.430        0     0     n    nan       0      1.00     1.00   +0.000     0     nan
  600000    -6.75       61  10.11      nan     nan    nan    nan   3.320  1.420        0     0     n    nan       0      1.00     1.00   +0.000     0     nan
  620000    -6.61       60  11.19    0.354   1.120  0.835  0.186   3.562  1.414        0     0     n   0.76      63      1.00     1.00   +0.000     0     nan
  640000    -6.63       61   9.75      nan     nan    nan    nan   3.078  1.428        0     0     n    nan       0      1.00     1.00   +0.000     0     nan
  660000    -6.71       61  10.33      nan     nan    nan    nan   3.197  1.418        0     0     n    nan       0      1.00     1.00   +0.000     0     nan
  680000    -6.67       60  11.10    0.403   1.540  0.832  0.148   3.458  1.422      139     1     n   0.68      55      1.00     1.00   +0.000     0     nan
  700000    -6.63       60   9.96      nan     nan    nan    nan   3.283  1.418        0     0     n    nan       0      1.00     1.00   +0.000     1   1.213
  720000    -6.76       60   9.74      nan     nan    nan    nan   3.579  1.423        0     0     n    nan       0      1.00     1.00   +0.000     0     nan
  740000    -6.66       60   9.83      nan     nan    nan    nan   3.529  1.428        0     0     n    nan       0      1.00     1.00   +0.000     0     nan
  760000    -6.80       60  10.52      nan     nan    nan    nan   3.337  1.415        0     0     n    nan       0      1.00     1.00   +0.000     0     nan
  780000    -6.87       60  11.15    0.433   2.364  0.826  0.106   3.700  1.423      131     1     n   0.67      55      1.00     1.00   +0.000     1   0.664
  800000    -6.72       79  12.68      nan     nan    nan    nan   3.453  1.428        0     0     n    nan       0      1.00     1.00   +0.000     0     nan
  820000    -6.84       94  13.30      nan     nan    nan    nan   3.606  1.420        0     0     n    nan       0      1.00     1.00   +0.000     0     nan
  840000    -6.84       94  13.51      nan     nan    nan    nan   3.407  1.430        0     0     n    nan       0      1.00     1.00   +0.000     0     nan
  860000    -6.63       93  13.40      nan     nan    nan    nan   3.226  1.436        0     0     n    nan       0      1.00     1.00   +0.000     0     nan
  880000    -6.73       93  13.41      nan     nan    nan    nan   3.360  1.417        0     0     n    nan       0      1.00     1.00   +0.000     0     nan
  900000    -6.74       93  13.75      nan     nan    nan    nan   3.406  1.425        0     0     n    nan       0      1.00     1.00   +0.000     0     nan
  920000    -6.73       90  13.29      nan     nan    nan    nan   3.544  1.431        0     0     n    nan       0      1.00     1.00   +0.000     1   0.952
  940000    -6.68       90  13.63      nan     nan    nan    nan   3.528  1.436        0     0     n    nan       0      1.00     1.00   +0.000     1   1.032
  960000    -6.91       93  13.64      nan     nan    nan    nan   3.449  1.441        0     0     n    nan       0      1.00     1.00   +0.000     1   0.947
  980000    -6.74       93  13.78      nan     nan    nan    nan   3.613  1.427        0     0     n    nan       0      1.00     1.00   +0.000     0     nan
 1000000    -6.84       93  13.69      nan     nan    nan    nan   3.664  1.431        0     0     n    nan       0      1.00     1.00   +0.000     0     nan
 1020000    -6.79       93  13.01      nan     nan    nan    nan   3.148  1.408        0     0     n    nan       0      1.00     1.00   +0.000     0     nan
 1040000    -6.76       93  12.96      nan     nan    nan    nan   3.554  1.440        0     0     n    nan       0      1.00     1.00   +0.000     0     nan
 1060000    -6.76       93  12.75      nan     nan    nan    nan   3.758  1.416        0     0     n    nan       0      1.00     1.00   +0.000     0     nan
 1080000    -7.18       93  12.78      nan     nan    nan    nan   3.543  1.434        0     0     n    nan       0      1.00     1.00   +0.000     0     nan
 1100000    -6.75       93  12.89      nan     nan    nan    nan   3.336  1.433        0     0     n    nan       0      1.00     1.00   +0.000     1   1.327
 1120000    -6.90       93  13.44      nan     nan    nan    nan   3.460  1.428        0     0     n    nan       0      1.00     1.00   +0.000     1   0.727
 1140000    -6.84       93  13.40      nan     nan    nan    nan   3.774  1.432        0     0     n    nan       0      1.00     1.00   +0.000     0     nan
 1160000    -6.96       93  13.98      nan     nan    nan    nan   3.503  1.440        0     0     n    nan       0      1.00     1.00   +0.000     0     nan
 1180000    -7.07       93  14.14      nan     nan    nan    nan   3.427  1.439        0     0     n    nan       0      1.00     1.00   +0.000     0     nan
 1200000    -7.05       93  13.74      nan     nan    nan    nan   3.535  1.426        0     0     n    nan       0      1.00     1.00   +0.000     0     nan
 1220000    -6.95       93  14.01      nan     nan    nan    nan   3.468  1.428        0     0     n    nan       0      1.00     1.00   +0.000     0     nan
 1240000    -6.87       93  14.15      nan     nan    nan    nan   3.540  1.437        0     0     n    nan       0      1.00     1.00   +0.000     0     nan
 1260000    -6.96       93  13.67      nan     nan    nan    nan   3.570  1.446        0     0     n    nan       0      1.00     1.00   +0.000     1   1.404
 1280000    -6.96       93  13.82      nan     nan    nan    nan   3.454  1.438        0     0     n    nan       0      1.00     1.00   +0.000     1   1.204
 1300000    -6.92       84  12.43      nan     nan    nan    nan   3.557  1.438        0     0     n    nan       0      1.00     1.00   +0.000     1   1.229
 1320000    -6.84       93  14.16      nan     nan    nan    nan   3.422  1.420        0     0     n    nan       0      1.00     1.00   +0.000     1   1.180
 1340000    -7.05       93  13.72      nan     nan    nan    nan   3.728  1.442        0     0     n    nan       0      1.00     1.00   +0.000     0     nan
 1360000    -6.92       93  13.24      nan     nan    nan    nan   3.852  1.438        0     0     n    nan       0      1.00     1.00   +0.000     0     nan
 1380000    -6.82       93  13.76      nan     nan    nan    nan   3.449  1.434        0     0     n    nan       0      1.00     1.00   +0.000     0     nan
 1400000    -6.84       93  13.66      nan     nan    nan    nan   3.368  1.421        0     0     n    nan       0      1.00     1.00   +0.000     1   1.025
 1420000    -6.92       93  14.40      nan     nan    nan    nan   3.465  1.432        0     0     n    nan       0      1.00     1.00   +0.000     0     nan
 1440000    -6.89       93  14.64      nan     nan    nan    nan   3.726  1.445        0     0     n    nan       0      1.00     1.00   +0.000     0     nan
 1460000    -6.79       93  14.73      nan     nan    nan    nan   3.110  1.418        0     0     n    nan       0      1.00     1.00   +0.000     1   0.670
 1480000    -6.80       86  13.96      nan     nan    nan    nan   3.721  1.453        0     0     n    nan       0      1.00     1.00   +0.000     1   0.992
 1500000    -6.78       93  13.73      nan     nan    nan    nan   3.599  1.444        0     0     n    nan       0      1.00     1.00   +0.000     0     nan
 1520000    -6.81       93  13.75      nan     nan    nan    nan   3.594  1.444        0     0     n    nan       0      1.00     1.00   +0.000     0     nan
 1540000    -7.02       93  14.38      nan     nan    nan    nan   3.691  1.435        0     0     n    nan       0      1.00     1.00   +0.000     0     nan
 1560000    -6.85       93  13.31      nan     nan    nan    nan   3.414  1.421        0     0     n    nan       0      1.00     1.00   +0.000     0     nan
 1580000    -6.96       93  13.93      nan     nan    nan    nan   3.441  1.430        0     0     n    nan       0      1.00     1.00   +0.000     0     nan
 1600000    -6.67       93  14.20      nan     nan    nan    nan   3.274  1.426        0     0     n    nan       0      1.00     1.00   +0.000     0     nan
