steric push-off: E/lipid 1.9 -> -21.1, min non-bonded r 0.019 -> 0.850
MIXTURE 2-D: 0 short (2 tails) + 80 long (4 tails) + 956 water, L=44.0, packing fraction 0.55, kT=0.45, start=ring
  chi RAW      HH +0.20  HT -0.25  TT +0.70  HW +0.75  TW +0.00  WW +0.50
  chi EFFECTIVE (solvent-averaged, this is what the beads feel): HH -0.800  HT -0.500  TT +1.200   [negative = repulsive]
enrichment = (short fraction of OUTER leaflet) - (short fraction of INNER leaflet); 0 = no partitioning
    step    E/lip  largest  R_mid  shellCV  hollow    mix    seg  burial   core  lumen_c  nenc  perc  lumen  lumenW  shortOUT  shortIN   enrichment  nves  lumH2O
       0    -7.58       80  17.47      nan     nan    nan    nan   2.581  1.458     1293     1     n    nan       0      1.00     1.00   +0.000     1   0.445
    5000    -7.38       80  17.29      nan     nan    nan    nan   3.709  1.440     1298     1     n    nan       0      1.00     1.00   +0.000     1   0.448
   10000    -7.38       80  16.68      nan     nan    nan    nan   3.759  1.444     1366     1     n    nan       0      1.00     1.00   +0.000     1   0.433
   15000    -7.41       80  17.72      nan     nan    nan    nan   3.581  1.443     1528     1     n    nan       0      1.00     1.00   +0.000     1   0.390
   20000    -7.54       80  17.79      nan     nan    nan    nan   3.947  1.453     1515     1     n    nan       0      1.00     1.00   +0.000     1   0.383
   25000    -7.27       80  17.85      nan     nan    nan    nan   3.319  1.429     1461     1     n    nan       0      1.00     1.00   +0.000     1   0.405
   30000    -7.32       80  14.75      nan     nan    nan    nan   3.700  1.440     1375     1     n    nan       0      1.00     1.00   +0.000     1   0.427
   35000    -7.13       80  14.98      nan     nan    nan    nan   3.413  1.449     1373     1     n    nan       0      1.00     1.00   +0.000     1   0.422
   40000    -6.82       80  13.94      nan     nan    nan    nan   3.278  1.437     1359     1     n    nan       0      1.00     1.00   +0.000     1   0.427
   45000    -7.10       80  14.70      nan     nan    nan    nan   3.425  1.427     1361     1     n    nan       0      1.00     1.00   +0.000     1   0.422
   50000    -7.07       80  14.61      nan     nan    nan    nan   3.459  1.417     1417     1     n    nan       0      1.00     1.00   +0.000     1   0.410
   55000    -7.18       80  13.83      nan     nan    nan    nan   3.419  1.445     1381     1     n    nan       0      1.00     1.00   +0.000     1   0.427
   60000    -7.16       80  14.16      nan     nan    nan    nan   3.684  1.450     1354     1     n    nan       0      1.00     1.00   +0.000     1   0.434
   65000    -7.32       80  14.43      nan     nan    nan    nan   3.922  1.462     1378     1     n    nan       0      1.00     1.00   +0.000     1   0.419
   70000    -7.13       80  17.27      nan     nan    nan    nan   3.963  1.444     1410     1     n    nan       0      1.00     1.00   +0.000     1   0.418
   75000    -7.28       80  17.39      nan     nan    nan    nan   3.616  1.440     1542     1     n    nan       0      1.00     1.00   +0.000     1   0.384
   80000    -7.32       80  17.61      nan     nan    nan    nan   3.734  1.433     1560     1     n    nan       0      1.00     1.00   +0.000     1   0.378
   85000    -7.15       80  17.61      nan     nan    nan    nan   3.506  1.435     1487     1     n    nan       0      1.00     1.00   +0.000     1   0.392
   90000    -7.21       80  17.09      nan     nan    nan    nan   3.647  1.434     1480     1     n    nan       0      1.00     1.00   +0.000     1   0.397
   95000    -7.22       80  16.77      nan     nan    nan    nan   3.387  1.434     1390     1     n    nan       0      1.00     1.00   +0.000     1   0.421
  100000    -7.19       80  15.30      nan     nan    nan    nan   3.572  1.434     1287     1     n    nan       0      1.00     1.00   +0.000     1   0.452
  105000    -7.18       80  16.08      nan     nan    nan    nan   3.559  1.449     1425     1     n    nan       0      1.00     1.00   +0.000     1   0.413
  110000    -7.15       80  13.65      nan     nan    nan    nan   3.472  1.426     1293     1     n    nan       0      1.00     1.00   +0.000     1   0.455
  115000    -7.21       80  12.78      nan     nan    nan    nan   3.778  1.442     1193     1     n    nan       0      1.00     1.00   +0.000     1   0.482
  120000    -6.90       80  12.59      nan     nan    nan    nan   3.394  1.441     1118     1     n    nan       0      1.00     1.00   +0.000     1   0.500
  125000    -7.19       80  12.61      nan     nan    nan    nan   3.322  1.428     1147     1     n    nan       0      1.00     1.00   +0.000     1   0.506
  130000    -7.35       80  13.40      nan     nan    nan    nan   3.284  1.434        0     0     n    nan       0      1.00     1.00   +0.000     0     nan
  135000    -7.12       80  13.34      nan     nan    nan    nan   3.119  1.418        0     0     n    nan       0      1.00     1.00   +0.000     0     nan
  140000    -7.05       80  13.19      nan     nan    nan    nan   3.350  1.445        0     0     n    nan       0      1.00     1.00   +0.000     0     nan
  145000    -7.40       62  12.16      nan     nan    nan    nan   3.278  1.430        0     0     n    nan       0      1.00     1.00   +0.000     0     nan
  150000    -7.08       80  12.48      nan     nan    nan    nan   3.528  1.428        0     0     n    nan       0      1.00     1.00   +0.000     0     nan
  155000    -7.13       80  12.51      nan     nan    nan    nan   3.603  1.424        0     0     n    nan       0      1.00     1.00   +0.000     0     nan
  160000    -7.24       80  12.57      nan     nan    nan    nan   3.300  1.435        0     0     n    nan       0      1.00     1.00   +0.000     0     nan
  165000    -7.25       80  12.65      nan     nan    nan    nan   3.497  1.438     1111     1     n    nan       0      1.00     1.00   +0.000     1   0.562
  170000    -7.04       80  12.60      nan     nan    nan    nan   3.650  1.460        0     0     n    nan       0      1.00     1.00   +0.000     0     nan
  175000    -6.82       80  12.42      nan     nan    nan    nan   3.259  1.435     1039     1     n    nan       0      1.00     1.00   +0.000     1   0.577
  180000    -6.97       80  12.59      nan     nan    nan    nan   3.500  1.428     1097     1     n    nan       0      1.00     1.00   +0.000     1   0.562
  185000    -6.97       80  12.90      nan     nan    nan    nan   3.531  1.435     1141     1     n    nan       0      1.00     1.00   +0.000     1   0.546
  190000    -7.30       80  12.79      nan     nan    nan    nan   3.659  1.438     1185     1     n    nan       0      1.00     1.00   +0.000     1   0.528
  195000    -7.08       80  12.97      nan     nan    nan    nan   3.425  1.421     1201     1     n    nan       0      1.00     1.00   +0.000     1   0.515
  200000    -7.18       80  12.82      nan     nan    nan    nan   3.547  1.441     1222     1     n    nan       0      1.00     1.00   +0.000     1   0.512
  205000    -7.06       80  12.78      nan     nan    nan    nan   3.353  1.423     1129     1     n    nan       0      1.00     1.00   +0.000     1   0.539
  210000    -7.38       80  12.87      nan     nan    nan    nan   3.559  1.441     1184     1     n    nan       0      1.00     1.00   +0.000     1   0.525
  215000    -7.04       80  13.11      nan     nan    nan    nan   3.578  1.436     1254     1     n    nan       0      1.00     1.00   +0.000     1   0.490
  220000    -7.53       80  16.09      nan     nan    nan    nan   3.828  1.442     1234     1     n    nan       0      1.00     1.00   +0.000     1   0.504
  225000    -7.10       80  17.76      nan     nan    nan    nan   3.219  1.440     1273     1     n    nan       0      1.00     1.00   +0.000     1   0.493
  230000    -6.92       80  17.21      nan     nan    nan    nan   3.237  1.449     1339     1     n    nan       0      1.00     1.00   +0.000     1   0.471
  235000    -7.14       80  16.00      nan     nan    nan    nan   3.500  1.444     1331     1     n    nan       0      1.00     1.00   +0.000     1   0.464
  240000    -7.17       80  12.93      nan     nan    nan    nan   3.650  1.436     1237     1     n    nan       0      1.00     1.00   +0.000     1   0.503
  245000    -7.04       80  12.61      nan     nan    nan    nan   3.584  1.447     1122     1     n    nan       0      1.00     1.00   +0.000     1   0.553
  250000    -7.20       80  12.64      nan     nan    nan    nan   3.509  1.439     1169     1     n    nan       0      1.00     1.00   +0.000     1   0.521
  255000    -6.88       80  12.78      nan     nan    nan    nan   3.256  1.427     1171     1     n    nan       0      1.00     1.00   +0.000     1   0.521
  260000    -7.41       80  12.57      nan     nan    nan    nan   3.678  1.450     1054     1     n    nan       0      1.00     1.00   +0.000     1   0.594
  265000    -7.19       80  12.47      nan     nan    nan    nan   3.547  1.430     1063     1     n    nan       0      1.00     1.00   +0.000     1   0.569
  270000    -7.20       80  12.36      nan     nan    nan    nan   3.447  1.429     1021     1     n    nan       0      1.00     1.00   +0.000     1   0.580
  275000    -7.37       80  12.85      nan     nan    nan    nan   3.837  1.445     1015     1     n    nan       0      1.00     1.00   +0.000     1   0.586
  280000    -7.41       80  15.01      nan     nan    nan    nan   3.866  1.434     1121     1     n    nan       0      1.00     1.00   +0.000     1   0.547
  285000    -7.71       80  17.30      nan     nan    nan    nan   3.566  1.447     1114     1     n    nan       0      1.00     1.00   +0.000     1   0.551
  290000    -7.53       80  15.31      nan     nan    nan    nan   3.600  1.444     1121     1     n    nan       0      1.00     1.00   +0.000     1   0.541
  295000    -7.28       80  14.52      nan     nan    nan    nan   3.397  1.451     1046     1     n    nan       0      1.00     1.00   +0.000     1   0.582
  300000    -7.15       79  12.20      nan     nan    nan    nan   3.494  1.423      983     1     n    nan       0      1.00     1.00   +0.000     1   0.614
