steric push-off: E/lipid -17.2 -> -21.0, min non-bonded r 0.660 -> 0.850
MIXTURE 2-D: 0 short (2 tails) + 80 long (4 tails) + 956 water, L=44.0, packing fraction 0.55, kT=0.45, start=ring
  chi RAW      HH +0.20  HT -0.25  TT +0.70  HW +0.75  TW +0.00  WW +0.50
  chi EFFECTIVE (solvent-averaged, this is what the beads feel): HH -0.800  HT -0.500  TT +1.200   [negative = repulsive]
enrichment = (short fraction of OUTER leaflet) - (short fraction of INNER leaflet); 0 = no partitioning
    step    E/lip  largest  R_mid  shellCV  hollow    mix    seg  burial   core  lumen_c  nenc  perc  lumen  lumenW  shortOUT  shortIN   enrichment  nves  lumH2O
       0    -7.65       80  17.47      nan     nan    nan    nan   2.719  1.462     1288     1     n    nan       0      1.00     1.00   +0.000     1   1.063
    5000    -7.47       80  17.75      nan     nan    nan    nan   3.812  1.447     1388     1     n    nan       0      1.00     1.00   +0.000     1   1.003
   10000    -7.34       80  16.99      nan     nan    nan    nan   3.628  1.424     1299     1     n    nan       0      1.00     1.00   +0.000     1   1.059
   15000    -7.14       80  17.42      nan     nan    nan    nan   3.219  1.444     1353     1     n    nan       0      1.00     1.00   +0.000     1   1.032
   20000    -7.54       80  17.17      nan     nan    nan    nan   3.744  1.442     1353     1     n    nan       0      1.00     1.00   +0.000     1   1.016
   25000    -7.17       80  18.32      nan     nan    nan    nan   3.578  1.425     1271     1     n    nan       0      1.00     1.00   +0.000     1   1.095
   30000    -7.08       80  15.49      nan     nan    nan    nan   3.469  1.425     1178     1     n    nan       0      1.00     1.00   +0.000     1   1.136
   35000    -7.53       80  17.64      nan     nan    nan    nan   3.584  1.436     1211     1     n    nan       0      1.00     1.00   +0.000     1   1.122
   40000    -7.70       80  16.77      nan     nan    nan    nan   4.056  1.449     1191     1     n    nan       0      1.00     1.00   +0.000     1   1.159
   45000    -7.41       80  16.91      nan     nan    nan    nan   3.556  1.423     1162     1     n    nan       0      1.00     1.00   +0.000     1   1.171
   50000    -7.43       80  17.08      nan     nan    nan    nan   3.666  1.428     1070     1     n    nan       0      1.00     1.00   +0.000     1   1.287
   55000    -7.62       80  16.64      nan     nan    nan    nan   3.403  1.439      997     1     n    nan       0      1.00     1.00   +0.000     1   1.325
   60000    -7.37       80  17.05      nan     nan    nan    nan   3.569  1.445     1084     1     n    nan       0      1.00     1.00   +0.000     1   1.241
   65000    -7.51       78  14.16      nan     nan    nan    nan   3.269  1.432     1022     1     n    nan       0      1.00     1.00   +0.000     1   1.296
   70000    -7.15       80  17.79      nan     nan    nan    nan   3.619  1.435     1027     1     n    nan       0      1.00     1.00   +0.000     1   1.302
   75000    -7.57       80  12.47      nan     nan    nan    nan   3.572  1.413     1014     1     n    nan       0      1.00     1.00   +0.000     1   1.338
   80000    -7.35       80  17.98      nan     nan    nan    nan   3.247  1.430     1022     1     n    nan       0      1.00     1.00   +0.000     1   1.317
   85000    -7.46       80  16.80      nan     nan    nan    nan   3.372  1.424     1068     1     n    nan       0      1.00     1.00   +0.000     1   1.271
   90000    -7.28       80  16.94      nan     nan    nan    nan   3.484  1.407     1053     1     n    nan       0      1.00     1.00   +0.000     1   1.270
   95000    -7.58       80  13.37      nan     nan    nan    nan   3.694  1.448     1070     1     n    nan       0      1.00     1.00   +0.000     1   1.273
  100000    -7.50       80  14.80      nan     nan    nan    nan   3.469  1.458     1097     1     n    nan       0      1.00     1.00   +0.000     1   1.210
  105000    -7.13       79  17.39      nan     nan    nan    nan   3.405  1.436     1178     1     n    nan       0      1.00     1.00   +0.000     1   1.129
  110000    -7.35       80  13.54      nan     nan    nan    nan   3.603  1.420     1057     1     n    nan       0      1.00     1.00   +0.000     1   1.261
  115000    -7.49       80  13.13      nan     nan    nan    nan   3.250  1.426     1096     1     n    nan       0      1.00     1.00   +0.000     1   1.246
  120000    -7.33       80  12.69      nan     nan    nan    nan   3.513  1.446     1023     1     n    nan       0      1.00     1.00   +0.000     1   1.298
  125000    -7.43       80  13.11      nan     nan    nan    nan   3.441  1.448      984     1     n    nan       0      1.00     1.00   +0.000     1   1.344
  130000    -7.94       80  16.14      nan     nan    nan    nan   3.534  1.431      983     1     n    nan       0      1.00     1.00   +0.000     1   1.382
  135000    -7.66       80  14.19      nan     nan    nan    nan   3.356  1.426      980     1     n    nan       0      1.00     1.00   +0.000     1   1.361
  140000    -7.56       80  13.58      nan     nan    nan    nan   3.525  1.423      978     1     n    nan       0      1.00     1.00   +0.000     1   1.343
  145000    -7.44       80  13.99      nan     nan    nan    nan   3.478  1.441      955     1     n    nan       0      1.00     1.00   +0.000     1   1.376
  150000    -7.55       80  16.88      nan     nan    nan    nan   3.384  1.447     1021     1     n    nan       0      1.00     1.00   +0.000     1   1.318
  155000    -7.30       80  16.75      nan     nan    nan    nan   3.650  1.436     1067     1     n    nan       0      1.00     1.00   +0.000     1   1.275
  160000    -7.03       80  16.73      nan     nan    nan    nan   3.188  1.421     1101     1     n    nan       0      1.00     1.00   +0.000     1   1.226
  165000    -7.29       80  17.84      nan     nan    nan    nan   3.756  1.442        0     0     n    nan       0      1.00     1.00   +0.000     0     nan
  170000    -7.67       79  15.67      nan     nan    nan    nan   3.712  1.459        0     0     n    nan       0      1.00     1.00   +0.000     0     nan
  175000    -7.24       80  16.43      nan     nan    nan    nan   3.444  1.451     1224     1     n    nan       0      1.00     1.00   +0.000     1   1.105
  180000    -7.42       80  16.71      nan     nan    nan    nan   4.025  1.451     1210     1     n    nan       0      1.00     1.00   +0.000     1   1.124
  185000    -7.67       80  16.99      nan     nan    nan    nan   3.950  1.458     1166     1     n    nan       0      1.00     1.00   +0.000     1   1.183
  190000    -7.37       80  16.47      nan     nan    nan    nan   3.900  1.441     1123     1     n    nan       0      1.00     1.00   +0.000     1   1.188
  195000    -7.04       80  17.18      nan     nan    nan    nan   3.572  1.432     1148     1     n    nan       0      1.00     1.00   +0.000     1   1.176
  200000    -7.69       80  16.57      nan     nan    nan    nan   3.475  1.446     1046     1     n    nan       0      1.00     1.00   +0.000     1   1.292
  205000    -7.38       80  18.42      nan     nan    nan    nan   3.500  1.440      967     1     n    nan       0      1.00     1.00   +0.000     1   1.394
  210000    -7.72       80  17.13      nan     nan    nan    nan   3.850  1.460      980     1     n    nan       0      1.00     1.00   +0.000     1   1.366
  215000    -7.70       80  16.64      nan     nan    nan    nan   3.541  1.432      939     1     n    nan       0      1.00     1.00   +0.000     1   1.409
  220000    -7.82       80  17.43      nan     nan    nan    nan   3.887  1.456      957     1     n    nan       0      1.00     1.00   +0.000     1   1.420
  225000    -7.66       80  17.60      nan     nan    nan    nan   3.406  1.447      901     1     n    nan       0      1.00     1.00   +0.000     1   1.473
  230000    -7.58       80  16.76      nan     nan    nan    nan   3.609  1.432      988     1     n    nan       0      1.00     1.00   +0.000     1   1.351
  235000    -7.42       80  16.51      nan     nan    nan    nan   3.559  1.446      980     1     n    nan       0      1.00     1.00   +0.000     1   1.396
  240000    -7.72       80  17.68      nan     nan    nan    nan   3.497  1.442      938     1     n    nan       0      1.00     1.00   +0.000     1   1.417
  245000    -7.70       80  17.22      nan     nan    nan    nan   3.662  1.440      932     1     n    nan       0      1.00     1.00   +0.000     1   1.449
  250000    -7.60       80  16.97      nan     nan    nan    nan   3.587  1.425     1014     1     n    nan       0      1.00     1.00   +0.000     1   1.365
  255000    -7.75       80  16.67      nan     nan    nan    nan   3.803  1.443     1016     1     n    nan       0      1.00     1.00   +0.000     1   1.333
  260000    -7.58       80  17.47      nan     nan    nan    nan   3.506  1.427      978     1     n    nan       0      1.00     1.00   +0.000     1   1.364
  265000    -7.63       80  17.99      nan     nan    nan    nan   3.763  1.460     1020     1     n    nan       0      1.00     1.00   +0.000     1   1.330
  270000    -7.39       80  18.12      nan     nan    nan    nan   3.675  1.445     1048     1     n    nan       0      1.00     1.00   +0.000     1   1.320
  275000    -7.46       80  18.06      nan     nan    nan    nan   3.475  1.450     1067     1     n    nan       0      1.00     1.00   +0.000     1   1.210
  280000    -7.86       80  13.27      nan     nan    nan    nan   3.703  1.447      995     1     n    nan       0      1.00     1.00   +0.000     1   1.279
  285000    -7.60       80  17.45      nan     nan    nan    nan   3.631  1.437     1015     1     n    nan       0      1.00     1.00   +0.000     1   1.280
  290000    -7.37       80  17.74      nan     nan    nan    nan   3.691  1.444     1026     1     n    nan       0      1.00     1.00   +0.000     1   1.311
  295000    -7.49       80  17.83      nan     nan    nan    nan   3.609  1.447      943     1     n    nan       0      1.00     1.00   +0.000     1   1.351
  300000    -7.37       80  17.21      nan     nan    nan    nan   3.928  1.460     1086     1     n    nan       0      1.00     1.00   +0.000     1   1.196
