steric push-off: E/lipid -16.7 -> -20.9, min non-bonded r 0.645 -> 0.850
MIXTURE 2-D: 0 short (2 tails) + 80 long (4 tails) + 956 water, L=44.0, packing fraction 0.55, kT=0.45, start=ring
  chi RAW      HH +0.20  HT -0.25  TT +0.70  HW +0.75  TW +0.00  WW +0.50
  chi EFFECTIVE (solvent-averaged, this is what the beads feel): HH -0.800  HT -0.500  TT +1.200   [negative = repulsive]
enrichment = (short fraction of OUTER leaflet) - (short fraction of INNER leaflet); 0 = no partitioning
    step    E/lip  largest  R_mid  shellCV  hollow    mix    seg  burial   core  lumen_c  nenc  perc  lumen  lumenW  shortOUT  shortIN   enrichment  nves  lumH2O
       0    -7.66       80  17.47      nan     nan    nan    nan   2.663  1.461     1293     1     n    nan       0      1.00     1.00   +0.000     1   1.089
    5000    -7.56       80  17.53      nan     nan    nan    nan   3.819  1.438     1541     1     n    nan       0      1.00     1.00   +0.000     1   0.932
   10000    -7.57       80  16.58      nan     nan    nan    nan   3.850  1.457     1515     1     n    nan       0      1.00     1.00   +0.000     1   0.929
   15000    -7.31       80  16.48      nan     nan    nan    nan   3.700  1.452     1597     1     n    nan       0      1.00     1.00   +0.000     1   0.907
   20000    -7.45       80  16.01      nan     nan    nan    nan   3.359  1.447     1620     1     n    nan       0      1.00     1.00   +0.000     1   0.874
   25000    -7.33       80  16.17      nan     nan    nan    nan   3.606  1.446     1596     1     n    nan       0      1.00     1.00   +0.000     1   0.895
   30000    -7.23       80  17.48      nan     nan    nan    nan   3.306  1.448     1564     1     n    nan       0      1.00     1.00   +0.000     1   0.914
   35000    -7.20       80  16.41      nan     nan    nan    nan   3.806  1.443     1646     1     n    nan       0      1.00     1.00   +0.000     1   0.869
   40000    -7.42       80  17.50      nan     nan    nan    nan   3.556  1.436     1613     1     n    nan       0      1.00     1.00   +0.000     1   0.906
   45000    -7.48       80  18.47      nan     nan    nan    nan   3.947  1.450     1588     1     n    nan       0      1.00     1.00   +0.000     1   0.917
   50000    -7.49       80  18.85      nan     nan    nan    nan   3.634  1.455     1534     1     n    nan       0      1.00     1.00   +0.000     1   0.944
   55000    -7.60       80  18.78      nan     nan    nan    nan   3.666  1.448     1611     1     n    nan       0      1.00     1.00   +0.000     1   0.890
   60000    -7.35       79  18.78      nan     nan    nan    nan   3.690  1.442     1493     1     n    nan       0      1.00     1.00   +0.000     1   0.954
   65000    -7.44       80  18.32      nan     nan    nan    nan   3.794  1.452     1386     1     n    nan       0      1.00     1.00   +0.000     1   1.029
   70000    -7.07       80  15.71      nan     nan    nan    nan   3.609  1.433     1380     1     n    nan       0      1.00     1.00   +0.000     1   1.042
   75000    -7.39       80  13.39      nan     nan    nan    nan   3.388  1.443     1243     1     n    nan       0      1.00     1.00   +0.000     1   1.113
   80000    -7.68       80  16.37      nan     nan    nan    nan   3.947  1.450     1237     1     n    nan       0      1.00     1.00   +0.000     1   1.150
   85000    -6.98       80  13.16      nan     nan    nan    nan   3.591  1.454     1251     1     n    nan       0      1.00     1.00   +0.000     1   1.128
   90000    -7.24       80  12.85      nan     nan    nan    nan   3.762  1.434     1232     1     n    nan       0      1.00     1.00   +0.000     1   1.151
   95000    -7.12       80  12.94      nan     nan    nan    nan   3.566  1.434     1263     1     n    nan       0      1.00     1.00   +0.000     1   1.115
  100000    -7.19       80  12.78      nan     nan    nan    nan   3.763  1.436        0     0     n    nan       0      1.00     1.00   +0.000     0     nan
  105000    -7.27       80  12.68      nan     nan    nan    nan   3.453  1.450     1177     1     n    nan       0      1.00     1.00   +0.000     1   1.206
  110000    -7.65       44   9.87      nan     nan    nan    nan   3.631  1.449        0     0     n    nan       0      1.00     1.00   +0.000     0     nan
  115000    -7.48       80  12.52      nan     nan    nan    nan   3.434  1.437        0     0     n    nan       0      1.00     1.00   +0.000     0     nan
  120000    -7.32       80  18.74      nan     nan    nan    nan   3.553  1.436        0     0     n    nan       0      1.00     1.00   +0.000     0     nan
  125000    -7.54       80  16.12      nan     nan    nan    nan   3.994  1.456        0     0     n    nan       0      1.00     1.00   +0.000     0     nan
  130000    -7.59       80  16.91      nan     nan    nan    nan   3.734  1.439        0     0     n    nan       0      1.00     1.00   +0.000     0     nan
  135000    -7.30       80  18.75      nan     nan    nan    nan   3.372  1.452        0     0     n    nan       0      1.00     1.00   +0.000     0     nan
  140000    -7.41       80  18.44      nan     nan    nan    nan   3.356  1.447        0     0     n    nan       0      1.00     1.00   +0.000     0     nan
  145000    -7.27       58  13.69      nan     nan    nan    nan   3.659  1.435        0     0     n    nan       0      1.00     1.00   +0.000     0     nan
  150000    -7.19       80  17.72      nan     nan    nan    nan   3.347  1.439        0     0     n    nan       0      1.00     1.00   +0.000     0     nan
  155000    -7.15       80  18.41      nan     nan    nan    nan   3.619  1.442        0     0     n    nan       0      1.00     1.00   +0.000     0     nan
  160000    -7.08       80  18.73      nan     nan    nan    nan   3.241  1.438        0     0     n    nan       0      1.00     1.00   +0.000     0     nan
  165000    -7.56       80  13.59      nan     nan    nan    nan   3.353  1.439        0     0     n    nan       0      1.00     1.00   +0.000     0     nan
  170000    -7.26       80  16.03      nan     nan    nan    nan   3.619  1.443        0     0     n    nan       0      1.00     1.00   +0.000     0     nan
  175000    -7.26       80  18.57      nan     nan    nan    nan   3.387  1.456        0     0     n    nan       0      1.00     1.00   +0.000     0     nan
  180000    -7.28       80  18.35      nan     nan    nan    nan   3.688  1.458        0     0     n    nan       0      1.00     1.00   +0.000     0     nan
  185000    -7.13       80  17.99      nan     nan    nan    nan   3.278  1.464        0     0     n    nan       0      1.00     1.00   +0.000     0     nan
  190000    -7.39       68  15.38      nan     nan    nan    nan   3.529  1.440        0     0     n    nan       0      1.00     1.00   +0.000     0     nan
  195000    -7.16       80  18.71      nan     nan    nan    nan   3.113  1.446        0     0     n    nan       0      1.00     1.00   +0.000     0     nan
  200000    -7.33       78  19.13      nan     nan    nan    nan   3.635  1.451        0     0     n    nan       0      1.00     1.00   +0.000     0     nan
  205000    -7.09       78  18.34      nan     nan    nan    nan   3.282  1.435        0     0     n    nan       0      1.00     1.00   +0.000     0     nan
  210000    -6.88       78  18.44      nan     nan    nan    nan   3.529  1.441        0     0     n    nan       0      1.00     1.00   +0.000     0     nan
  215000    -7.06       68  14.71      nan     nan    nan    nan   3.592  1.440        0     0     n    nan       0      1.00     1.00   +0.000     0     nan
  220000    -7.32       78  14.83      nan     nan    nan    nan   3.776  1.428        0     0     n    nan       0      1.00     1.00   +0.000     0     nan
  225000    -7.11       78  15.14      nan     nan    nan    nan   3.487  1.443        0     0     n    nan       0      1.00     1.00   +0.000     0     nan
  230000    -7.11       78  15.79      nan     nan    nan    nan   3.391  1.429        0     0     n    nan       0      1.00     1.00   +0.000     0     nan
  235000    -7.23       78  17.09      nan     nan    nan    nan   3.317  1.438        0     0     n    nan       0      1.00     1.00   +0.000     0     nan
  240000    -7.03       78  18.29      nan     nan    nan    nan   3.417  1.433        0     0     n    nan       0      1.00     1.00   +0.000     0     nan
  245000    -7.44       78  17.76      nan     nan    nan    nan   3.599  1.440        0     0     n    nan       0      1.00     1.00   +0.000     0     nan
  250000    -7.15       80  17.33      nan     nan    nan    nan   3.294  1.437        0     0     n    nan       0      1.00     1.00   +0.000     0     nan
  255000    -7.05       80  18.27      nan     nan    nan    nan   3.522  1.444        0     0     n    nan       0      1.00     1.00   +0.000     0     nan
  260000    -7.20       80  17.24      nan     nan    nan    nan   3.478  1.438        0     0     n    nan       0      1.00     1.00   +0.000     0     nan
  265000    -7.11       80  17.89      nan     nan    nan    nan   3.494  1.432        0     0     n    nan       0      1.00     1.00   +0.000     0     nan
  270000    -7.24       80  18.27      nan     nan    nan    nan   3.669  1.452        0     0     n    nan       0      1.00     1.00   +0.000     0     nan
  275000    -7.58       80  17.81      nan     nan    nan    nan   3.759  1.452        0     0     n    nan       0      1.00     1.00   +0.000     0     nan
  280000    -7.45       80  17.18      nan     nan    nan    nan   3.678  1.464        0     0     n    nan       0      1.00     1.00   +0.000     0     nan
  285000    -7.38       80  16.03      nan     nan    nan    nan   3.666  1.445        0     0     n    nan       0      1.00     1.00   +0.000     0     nan
  290000    -7.59       80  15.81      nan     nan    nan    nan   3.822  1.449        0     0     n    nan       0      1.00     1.00   +0.000     0     nan
  295000    -7.15       80  16.94      nan     nan    nan    nan   3.750  1.435        0     0     n    nan       0      1.00     1.00   +0.000     0     nan
  300000    -7.51       80  17.83      nan     nan    nan    nan   3.684  1.450        0     0     n    nan       0      1.00     1.00   +0.000     0     nan
