steric push-off: E/lipid 3.2 -> -21.8, min non-bonded r 0.061 -> 0.850
MIXTURE 2-D: 0 short (2 tails) + 80 long (4 tails) + 956 water, L=44.0, packing fraction 0.55, kT=0.45, start=ring
  chi RAW      HH +0.20  HT -0.25  TT +0.70  HW +0.75  TW +0.00  WW +0.50
  chi EFFECTIVE (solvent-averaged, this is what the beads feel): HH -0.800  HT -0.500  TT +1.200   [negative = repulsive]
enrichment = (short fraction of OUTER leaflet) - (short fraction of INNER leaflet); 0 = no partitioning
    step    E/lip  largest  R_mid  shellCV  hollow    mix    seg  burial   core  lumen_c  nenc  perc  lumen  lumenW  shortOUT  shortIN   enrichment  nves  lumH2O
       0    -7.81       80  17.46      nan     nan    nan    nan   2.656  1.461     1289     1     n    nan       0      1.00     1.00   +0.000     1   0.383
    5000    -7.51       80  17.62      nan     nan    nan    nan   3.694  1.434     1360     1     n    nan       0      1.00     1.00   +0.000     1   0.368
   10000    -7.34       80  17.73      nan     nan    nan    nan   3.909  1.431     1501     1     n    nan       0      1.00     1.00   +0.000     1   0.331
   15000    -7.26       80  16.50      nan     nan    nan    nan   3.581  1.436     1460     1     n    nan       0      1.00     1.00   +0.000     1   0.346
   20000    -7.23       80  16.99      nan     nan    nan    nan   3.437  1.426     1359     1     n    nan       0      1.00     1.00   +0.000     1   0.369
   25000    -7.09       80  16.78      nan     nan    nan    nan   3.581  1.429     1373     1     n    nan       0      1.00     1.00   +0.000     1   0.357
   30000    -6.78       80  14.48      nan     nan    nan    nan   3.538  1.442     1262     1     n    nan       0      1.00     1.00   +0.000     1   0.393
   35000    -7.15       80  14.24      nan     nan    nan    nan   3.572  1.421     1269     1     n    nan       0      1.00     1.00   +0.000     1   0.386
   40000    -7.29       80  16.23      nan     nan    nan    nan   3.459  1.442     1287     1     n    nan       0      1.00     1.00   +0.000     1   0.379
   45000    -7.27       80  16.12      nan     nan    nan    nan   3.766  1.451     1258     1     n    nan       0      1.00     1.00   +0.000     1   0.387
   50000    -7.01       80  15.61      nan     nan    nan    nan   3.553  1.425     1202     1     n    nan       0      1.00     1.00   +0.000     1   0.405
   55000    -6.97       80  14.07      nan     nan    nan    nan   3.369  1.427     1101     1     n    nan       0      1.00     1.00   +0.000     1   0.437
   60000    -6.88       80  14.51      nan     nan    nan    nan   3.447  1.450     1181     1     n    nan       0      1.00     1.00   +0.000     1   0.416
   65000    -6.94       80  13.13      nan     nan    nan    nan   3.522  1.446     1136     1     n    nan       0      1.00     1.00   +0.000     1   0.435
   70000    -7.06       80  13.35      nan     nan    nan    nan   3.556  1.433     1021     1     n    nan       0      1.00     1.00   +0.000     1   0.481
   75000    -7.16       80  12.80      nan     nan    nan    nan   3.622  1.449     1006     1     n    nan       0      1.00     1.00   +0.000     1   0.474
   80000    -7.31       80  13.01      nan     nan    nan    nan   3.534  1.443      969     1     n    nan       0      1.00     1.00   +0.000     1   0.480
   85000    -7.30       80  14.11      nan     nan    nan    nan   3.253  1.442     1001     1     n    nan       0      1.00     1.00   +0.000     1   0.489
   90000    -7.15       80  13.93      nan     nan    nan    nan   3.206  1.445      948     1     n    nan       0      1.00     1.00   +0.000     1   0.508
   95000    -7.06       80  13.05      nan     nan    nan    nan   3.550  1.439      877     1     n    nan       0      1.00     1.00   +0.000     1   0.542
  100000    -7.34       80  14.36      nan     nan    nan    nan   3.672  1.442      963     1     n    nan       0      1.00     1.00   +0.000     1   0.507
  105000    -7.04       80  14.04      nan     nan    nan    nan   3.500  1.443        0     0     n    nan       0      1.00     1.00   +0.000     0     nan
  110000    -7.21       80  12.67      nan     nan    nan    nan   3.466  1.427      818     1     n    nan       0      1.00     1.00   +0.000     1   0.578
  115000    -7.18       80  11.78      nan     nan    nan    nan   3.219  1.419      871     1     n    nan       0      1.00     1.00   +0.000     1   0.541
  120000    -7.01       80  11.97      nan     nan    nan    nan   3.553  1.436      730     1     n    nan       0      1.00     1.00   +0.000     1   0.641
  125000    -7.17       80  11.28      nan     nan    nan    nan   3.478  1.455      708     1     n    nan       0      1.00     1.00   +0.000     1   0.647
  130000    -7.31       80  11.34      nan     nan    nan    nan   3.784  1.435      655     1     n    nan       0      1.00     1.00   +0.000     1   0.694
  135000    -7.44       80  11.29      nan     nan    nan    nan   3.603  1.458      708     1     n    nan       0      1.00     1.00   +0.000     1   0.647
  140000    -7.14       80  11.29      nan     nan    nan    nan   3.100  1.439      693     1     n    nan       0      1.00     1.00   +0.000     1   0.642
  145000    -7.09       79  11.53      nan     nan    nan    nan   2.972  1.460      670     1     n    nan       0      1.00     1.00   +0.000     1   0.677
  150000    -7.14       80  11.54      nan     nan    nan    nan   3.153  1.446      678     1     n    nan       0      1.00     1.00   +0.000     1   0.655
  155000    -7.25       80  11.41      nan     nan    nan    nan   3.394  1.439      686     1     n    nan       0      1.00     1.00   +0.000     1   0.685
  160000    -6.89       80  11.27      nan     nan    nan    nan   3.344  1.453      633     1     n    nan       0      1.00     1.00   +0.000     1   0.674
  165000    -7.38       80  11.43      nan     nan    nan    nan   3.116  1.436      647     1     n    nan       0      1.00     1.00   +0.000     1   0.662
  170000    -6.95       80  11.22      nan     nan    nan    nan   3.550  1.427      641     2     n    nan       0      1.00     1.00   +0.000     0     nan
  175000    -7.29       80  11.13      nan     nan    nan    nan   3.584  1.426      638     1     n    nan       0      1.00     1.00   +0.000     1   0.656
  180000    -6.87       80  11.11      nan     nan    nan    nan   3.238  1.427      668     1     n    nan       0      1.00     1.00   +0.000     1   0.631
  185000    -7.30       80  11.00      nan     nan    nan    nan   3.716  1.444      601     2     n    nan       0      1.00     1.00   +0.000     0     nan
  190000    -6.93       80  11.26      nan     nan    nan    nan   3.113  1.445      661     2     n    nan       0      1.00     1.00   +0.000     0     nan
  195000    -7.25       80  10.97      nan     nan    nan    nan   3.434  1.435      591     2     n    nan       0      1.00     1.00   +0.000     0     nan
  200000    -6.96       80  10.90      nan     nan    nan    nan   3.062  1.442      592     2     n    nan       0      1.00     1.00   +0.000     0     nan
  205000    -7.21       80  11.34      nan     nan    nan    nan   3.362  1.443      597     2     n    nan       0      1.00     1.00   +0.000     0     nan
  210000    -7.10       80  11.17      nan     nan    nan    nan   3.600  1.450      646     2     n    nan       0      1.00     1.00   +0.000     0     nan
  215000    -7.41       80  11.03      nan     nan    nan    nan   3.725  1.448      625     2     n    nan       0      1.00     1.00   +0.000     0     nan
  220000    -7.57       80  10.81      nan     nan    nan    nan   3.794  1.437      527     2     n    nan       0      1.00     1.00   +0.000     0     nan
  225000    -7.24       80  10.80      nan     nan    nan    nan   3.531  1.446      531     1     n    nan       0      1.00     1.00   +0.000     1   0.764
  230000    -7.41       80  11.31      nan     nan    nan    nan   3.266  1.446      606     2     n    nan       0      1.00     1.00   +0.000     0     nan
  235000    -7.23       80  11.27      nan     nan    nan    nan   3.253  1.457      620     1     n    nan       0      1.00     1.00   +0.000     1   0.679
  240000    -6.91       80  11.50      nan     nan    nan    nan   3.694  1.449      626     2     n    nan       0      1.00     1.00   +0.000     0     nan
  245000    -7.08       80  11.42      nan     nan    nan    nan   3.241  1.446      609     2     n    nan       0      1.00     1.00   +0.000     0     nan
  250000    -7.48       80  11.15      nan     nan    nan    nan   3.772  1.446      640     2     n    nan       0      1.00     1.00   +0.000     0     nan
  255000    -7.23       80  11.16      nan     nan    nan    nan   3.619  1.444      641     2     n    nan       0      1.00     1.00   +0.000     0     nan
  260000    -7.07       80  11.39      nan     nan    nan    nan   3.481  1.421      685     1     n    nan       0      1.00     1.00   +0.000     1   0.627
  265000    -7.01       80  11.17      nan     nan    nan    nan   3.319  1.443      576     2     n    nan       0      1.00     1.00   +0.000     0     nan
  270000    -7.42       80  11.04      nan     nan    nan    nan   3.378  1.431       47     1     n    nan       0      1.00     1.00   +0.000     0     nan
  275000    -7.05       80  11.23      nan     nan    nan    nan   3.719  1.445       43     1     n    nan       0      1.00     1.00   +0.000     0     nan
  280000    -7.29       80  11.29      nan     nan    nan    nan   3.619  1.433       48     1     n    nan       0      1.00     1.00   +0.000     0     nan
  285000    -7.15       80  11.32      nan     nan    nan    nan   3.275  1.427        0     0     n    nan       0      1.00     1.00   +0.000     0     nan
  290000    -7.02       80  11.44      nan     nan    nan    nan   3.513  1.413       41     1     n    nan       0      1.00     1.00   +0.000     0     nan
  295000    -7.32       80  11.37      nan     nan    nan    nan   3.350  1.438       40     1     n    nan       0      1.00     1.00   +0.000     0     nan
  300000    -6.97       80  11.28      nan     nan    nan    nan   3.128  1.444       54     1     n    nan       0      1.00     1.00   +0.000     0     nan
