(00:04:38) INFO: Current date is 2026-08-11
(00:04:38) Computing main repo mapping: 
(00:04:38) Loading: 
(00:04:38) Loading: 0 packages loaded
(00:04:38) Analyzing: target //projects/vivarium:_fluidity (0 packages loaded, 0 targets configured)
(00:04:38) Analyzing: target //projects/vivarium:_fluidity (0 packages loaded, 0 targets configured)

(00:04:38) INFO: Analyzed target //projects/vivarium:_fluidity (0 packages loaded, 0 targets configured).
(00:04:38) INFO: Found 1 target...
Target //projects/vivarium:_fluidity up-to-date:
  bazel-bin/projects/vivarium/_fluidity
(00:04:38) INFO: Elapsed time: 0.060s, Critical Path: 0.00s
(00:04:38) INFO: 1 process: 1 internal.
(00:04:38) INFO: Build completed successfully, 1 total action
(00:04:38) INFO: Running command line: bazel-bin/projects/vivarium/_fluidity 12000

SL as-run           a_TW=80  k_ang=15.0  n_amph=128  L=10.28  pitch=1.28
    step   MSD_par  sqrt/pitch      T   interpretation
    2000     4.504        1.65  0.994   FLUID (neighbours exchange)
    4000     6.357        1.96  1.000   FLUID (neighbours exchange)
    6000    10.379        2.51  1.023   FLUID (neighbours exchange)
    8000    14.359        2.95  1.011   FLUID (neighbours exchange)
   10000    19.075        3.40  1.009   FLUID (neighbours exchange)
   12000    23.710        3.79  1.014   FLUID (neighbours exchange)

weaker hydrophobic  a_TW=40  k_ang=15.0  n_amph=128  L=10.28  pitch=1.28
    step   MSD_par  sqrt/pitch      T   interpretation
    2000     4.582        1.67  1.004   FLUID (neighbours exchange)
    4000     9.521        2.40  1.017   FLUID (neighbours exchange)
    6000    15.358        3.05  1.038   FLUID (neighbours exchange)
    8000    19.889        3.47  1.015   FLUID (neighbours exchange)
   10000    24.777        3.87  1.002   FLUID (neighbours exchange)
   12000    28.478        4.15  1.019   FLUID (neighbours exchange)

flexible tails      a_TW=80  k_ang=0.0  n_amph=128  L=10.28  pitch=1.28
    step   MSD_par  sqrt/pitch      T   interpretation
    2000     5.473        1.82  1.017   FLUID (neighbours exchange)
    4000    10.532        2.53  0.977   FLUID (neighbours exchange)
    6000    14.648        2.98  1.018   FLUID (neighbours exchange)
    8000    18.286        3.33  0.994   FLUID (neighbours exchange)
   10000    20.527        3.53  1.015   FLUID (neighbours exchange)
   12000    25.140        3.90  1.018   FLUID (neighbours exchange)
