(02:00:43) INFO: Current date is 2026-08-11
(02:00:43) Computing main repo mapping: 
(02:00:43) Loading: 
(02:00:43) Loading: 0 packages loaded
(02:00:43) Analyzing: target //projects/vivarium:_micelle_pole (0 packages loaded, 0 targets configured)
(02:00:43) Analyzing: target //projects/vivarium:_micelle_pole (0 packages loaded, 0 targets configured)

(02:00:43) INFO: Analyzed target //projects/vivarium:_micelle_pole (0 packages loaded, 0 targets configured).
(02:00:43) INFO: Found 1 target...
Target //projects/vivarium:_micelle_pole up-to-date:
  bazel-bin/projects/vivarium/_micelle_pole
(02:00:43) INFO: Elapsed time: 0.044s, Critical Path: 0.00s
(02:00:43) INFO: 1 process: 1 internal.
(02:00:43) INFO: Build completed successfully, 1 total action
(02:00:43) INFO: Running command line: bazel-bin/projects/vivarium/_micelle_pole 0.10 15000 12000 1
single-tail H3(C4), n_amph=171, N=12000, L=15.87
  step      0  aggregates>=3:    5  largest  132  median(>=3)    5  T=1.000
  step   3000  aggregates>=3:   10  largest   47  median(>=3)   12  T=1.003
  step   6000  aggregates>=3:   10  largest   70  median(>=3)    9  T=1.020
  step   9000  aggregates>=3:   12  largest   32  median(>=3)   11  T=1.020
  step  12000  aggregates>=3:    9  largest  102  median(>=3)    7  T=1.008
  step  15000  aggregates>=3:    7  largest   44  median(>=3)   24  T=1.009
