(02:32:21) INFO: Current date is 2026-08-11
(02:32:21) Computing main repo mapping: 
(02:32:21) Loading: 
(02:32:21) Loading: 0 packages loaded
(02:32:21) Analyzing: target //projects/vivarium:_tjunction (0 packages loaded, 0 targets configured)
(02:32:21) Analyzing: target //projects/vivarium:_tjunction (0 packages loaded, 0 targets configured)

(02:32:21) INFO: Analyzed target //projects/vivarium:_tjunction (0 packages loaded, 0 targets configured).
(02:32:21) INFO: Found 1 target...
Target //projects/vivarium:_tjunction up-to-date:
  bazel-bin/projects/vivarium/_tjunction
(02:32:21) INFO: Elapsed time: 0.144s, Critical Path: 0.00s
(02:32:21) INFO: 1 process: 1 internal.
(02:32:21) INFO: Build completed successfully, 1 total action
(02:32:21) INFO: Running command line: bazel-bin/projects/vivarium/_tjunction 40000 15 6 40
planted T junction: da=15.0 arm=6.0 L=40.0 n_amph=122 (span 106, arm 16); max possible separation L/2=20.0
   step  mean arm dy  frac of t=0   max dy  absorbed      T   verdict
      0         5.00         1.00     7.62      0.00  0.972   ARRESTED
   4000         7.53         1.51    10.25      0.00  1.023   GROWING
   8000        10.96         2.19    15.35      0.00  1.029   GROWING
  12000        11.27         2.25    19.60      0.12  0.992   GROWING (WRAPPED -- box too small, artifact)
  16000        12.67         2.53    18.50      0.00  1.020   GROWING (WRAPPED -- box too small, artifact)
  20000         5.24         1.05    14.70      0.25  1.015   ARRESTED
  24000        12.79         2.56    19.82      0.00  1.021   GROWING (WRAPPED -- box too small, artifact)
  28000        11.31         2.26    19.91      0.06  1.007   GROWING (WRAPPED -- box too small, artifact)
  32000        11.13         2.23    19.93      0.12  1.016   GROWING (WRAPPED -- box too small, artifact)
  36000         9.13         1.83    15.43      0.06  1.019   GROWING
  40000        10.03         2.01    19.59      0.12  1.013   GROWING (WRAPPED -- box too small, artifact)
