(17:17:38) INFO: Current date is 2026-08-12
(17:17:38) Computing main repo mapping: 
(17:17:38) Loading: 
(17:17:38) Loading: 0 packages loaded
(17:17:38) Analyzing: target //projects/vivarium:_ylz_run (0 packages loaded, 0 targets configured)
(17:17:38) Analyzing: target //projects/vivarium:_ylz_run (0 packages loaded, 0 targets configured)

(17:17:38) INFO: Analyzed target //projects/vivarium:_ylz_run (0 packages loaded, 0 targets configured).
(17:17:38) INFO: Found 1 target...
Target //projects/vivarium:_ylz_run up-to-date:
  bazel-bin/projects/vivarium/_ylz_run
(17:17:38) INFO: Elapsed time: 0.052s, Critical Path: 0.00s
(17:17:38) INFO: 1 process: 1 internal.
(17:17:38) INFO: Build completed successfully, 1 total action
(17:17:38) INFO: Running command line: bazel-bin/projects/vivarium/_ylz_run 300 25 1500000 0.1 ourylz_c300 300
our-engine YLZ: N=300 L=25.0 beta=0.1 core=bounded@300eps  (sheet needs 417, tube needs 367)
    step  E/particle      T  clus  largest      R  shellCV  hollow    e2    e3   shape
       0       2.252  0.186   253        4   0.00    0.000   0.000  0.00  0.00   dispersed
  150000      -1.061  0.186   120       35   2.54    0.331   0.057  0.72  0.05   flat sheet/disc
  300000      -1.354  0.179    87       50   3.03    0.338   0.080  0.77  0.03   flat sheet/disc
  450000      -1.565  0.175    61       71   3.38    0.261   0.014  0.73  0.14   flat sheet/disc
  600000      -1.707  0.190    47      100   4.14    0.285   0.000  0.38  0.18   tube/elongated
  750000      -1.832  0.169    40       99   3.20    0.063   0.000  0.91  0.76   VESICLE (hollow sphere)
  900000      -1.829  0.163    40       99   3.19    0.052   0.000  0.96  0.92   VESICLE (hollow sphere)
 1050000      -1.832  0.172    41       99   3.20    0.066   0.000  0.94  0.72   VESICLE (hollow sphere)
 1200000      -1.863  0.178    44       99   3.23    0.067   0.000  0.79  0.74   VESICLE (hollow sphere)
 1350000      -1.845  0.180    47       99   3.22    0.051   0.000  0.91  0.78   VESICLE (hollow sphere)
 1500000      -1.861  0.160    42       99   3.22    0.063   0.000  0.85  0.75   VESICLE (hollow sphere)
