(17:07:32) INFO: Current date is 2026-08-12
(17:07:32) Computing main repo mapping: 
(17:07:32) Loading: 
(17:07:32) Loading: 0 packages loaded
(17:07:32) Analyzing: target //projects/vivarium:_ylz_run (0 packages loaded, 0 targets configured)
(17:07:32) Analyzing: target //projects/vivarium:_ylz_run (0 packages loaded, 0 targets configured)

(17:07:32) INFO: Analyzed target //projects/vivarium:_ylz_run (0 packages loaded, 1 target configured).
(17:07:32) INFO: Found 1 target...
Target //projects/vivarium:_ylz_run up-to-date:
  bazel-bin/projects/vivarium/_ylz_run
(17:07:32) INFO: Elapsed time: 0.327s, Critical Path: 0.25s
(17:07:32) INFO: 4 processes: 4 internal.
(17:07:32) INFO: Build completed successfully, 4 total actions
(17:07:32) INFO: Running command line: bazel-bin/projects/vivarium/_ylz_run 300 25 1500000 0.1 ourylz_m3_bounded bounded
our-engine YLZ: N=300 L=25.0 beta=0.1 core=BOUNDED  (sheet needs 417, tube needs 367)
    step  E/particle      T  clus  largest      R  shellCV  hollow    e2    e3   shape
       0       0.270  0.186   253        4   0.00    0.000   0.000  0.00  0.00   dispersed
  150000      -3.495  0.179    35       34   0.81    0.407   0.176  0.87  0.01   flat sheet/disc
  300000      -5.963  0.169    14       50   0.82    0.411   0.160  0.94  0.01   flat sheet/disc
  450000      -7.577  0.166    12       63   0.81    0.412   0.143  0.91  0.01   flat sheet/disc
  600000      -8.439  0.171     9       74   0.81    0.412   0.162  0.96  0.01   flat sheet/disc
  750000      -8.441  0.174     9       74   0.83    0.405   0.135  0.92  0.01   flat sheet/disc
  900000     -10.072  0.166     8       94   0.82    0.405   0.138  0.97  0.01   flat sheet/disc
 1050000     -10.145  0.176     7       94   0.82    0.411   0.160  0.97  0.01   flat sheet/disc
 1200000     -10.154  0.182     7       94   0.82    0.404   0.170  0.96  0.01   flat sheet/disc
 1350000     -10.150  0.173     7       94   0.82    0.415   0.149  0.97  0.01   flat sheet/disc
 1500000     -12.241  0.161     7       94   0.82    0.403   0.170  0.99  0.01   flat sheet/disc
