(17:17:32) INFO: Current date is 2026-08-12
(17:17:32) Computing main repo mapping: 
(17:17:32) Loading: 
(17:17:32) Loading: 0 packages loaded
(17:17:32) Analyzing: target //projects/vivarium:_ylz_run (0 packages loaded, 0 targets configured)
(17:17:32) Analyzing: target //projects/vivarium:_ylz_run (0 packages loaded, 0 targets configured)

(17:17:32) INFO: Analyzed target //projects/vivarium:_ylz_run (0 packages loaded, 0 targets configured).
(17:17:32) INFO: Found 1 target...
Target //projects/vivarium:_ylz_run up-to-date:
  bazel-bin/projects/vivarium/_ylz_run
(17:17:32) INFO: Elapsed time: 0.048s, Critical Path: 0.00s
(17:17:32) INFO: 1 process: 1 internal.
(17:17:32) INFO: Build completed successfully, 1 total action
(17:17:32) INFO: Running command line: bazel-bin/projects/vivarium/_ylz_run 300 25 1500000 0.1 ourylz_c30 30
our-engine YLZ: N=300 L=25.0 beta=0.1 core=bounded@30eps  (sheet needs 417, tube needs 367)
    step  E/particle      T  clus  largest      R  shellCV  hollow    e2    e3   shape
       0       0.450  0.186   253        4   0.00    0.000   0.000  0.00  0.00   dispersed
  150000      -1.399  0.176    90       82   2.81    0.045   0.000  0.89  0.86   VESICLE (hollow sphere)
  300000      -1.846  0.169    41       82   2.79    0.053   0.000  0.88  0.80   VESICLE (hollow sphere)
  450000      -1.967  0.169    22       82   2.80    0.069   0.000  0.96  0.78   VESICLE (hollow sphere)
  600000      -1.988  0.183    16       82   2.85    0.043   0.000  0.93  0.89   VESICLE (hollow sphere)
  750000      -1.979  0.189    21       82   2.86    0.059   0.000  0.86  0.78   VESICLE (hollow sphere)
  900000      -1.895  0.188    30       82   2.81    0.055   0.000  0.94  0.75   VESICLE (hollow sphere)
 1050000      -1.998  0.174    24       82   2.81    0.058   0.000  0.85  0.77   VESICLE (hollow sphere)
 1200000      -2.016  0.176    22       82   2.77    0.052   0.000  0.82  0.82   VESICLE (hollow sphere)
 1350000      -1.940  0.167    25       82   2.85    0.049   0.000  0.92  0.86   VESICLE (hollow sphere)
 1500000      -2.033  0.165    21       95   3.80    0.239   0.000  0.50  0.24   flat sheet/disc
